// Vitest Snapshot v1, https://vitest.dev/guide/snapshot.html

exports[`DropdownMenu > matches the snapshot 1`] = `
<div>
  <div
    class="relative block lg:hidden"
  >
    <div
      class="cursor-pointer transition-transform duration-300"
    >
      <div
        class="transition-transform duration-300 "
      >
        <svg
          aria-hidden="true"
          class="size-8"
          data-slot="icon"
          data-testid="bars-icon"
          fill="none"
          stroke="currentColor"
          stroke-width="1.5"
          viewBox="0 0 24 24"
          xmlns="http://www.w3.org/2000/svg"
        >
          <path
            d="M3.75 6.75h16.5M3.75 12h16.5m-16.5 5.25h16.5"
            stroke-linecap="round"
            stroke-linejoin="round"
          />
        </svg>
      </div>
    </div>
    <div
      class="absolute right-0 top-12 z-50 mt-2 w-48 overflow-hidden rounded-md border border-gray-500 bg-gray-300 text-gray-900 shadow-lg transition-all duration-300 dark:bg-gray-800 dark:text-white pointer-events-none scale-95 opacity-0"
    >
      <a
        class="flex flex-row items-center gap-2 p-2 text-lg hover:bg-gray-200 dark:hover:bg-gray-900"
        href="/project2/user/testuser"
      >
        <svg
          aria-hidden="true"
          class="size-5"
          data-slot="icon"
          fill="none"
          stroke="currentColor"
          stroke-width="1.5"
          viewBox="0 0 24 24"
          xmlns="http://www.w3.org/2000/svg"
        >
          <path
            d="M15.75 6a3.75 3.75 0 1 1-7.5 0 3.75 3.75 0 0 1 7.5 0ZM4.501 20.118a7.5 7.5 0 0 1 14.998 0A17.933 17.933 0 0 1 12 21.75c-2.676 0-5.216-.584-7.499-1.632Z"
            stroke-linecap="round"
            stroke-linejoin="round"
          />
        </svg>
        Profile
      </a>
      <a
        class="flex flex-row items-center gap-2 p-2 text-lg hover:bg-gray-200 dark:hover:bg-gray-900"
        href="/project2"
      >
        <svg
          aria-hidden="true"
          class="size-5"
          data-slot="icon"
          fill="none"
          stroke="currentColor"
          stroke-width="1.5"
          viewBox="0 0 24 24"
          xmlns="http://www.w3.org/2000/svg"
        >
          <path
            d="m2.25 12 8.954-8.955c.44-.439 1.152-.439 1.591 0L21.75 12M4.5 9.75v10.125c0 .621.504 1.125 1.125 1.125H9.75v-4.875c0-.621.504-1.125 1.125-1.125h2.25c.621 0 1.125.504 1.125 1.125V21h4.125c.621 0 1.125-.504 1.125-1.125V9.75M8.25 21h8.25"
            stroke-linecap="round"
            stroke-linejoin="round"
          />
        </svg>
        Homepage
      </a>
      <a
        class="flex flex-row items-center gap-2 p-2 text-lg hover:bg-gray-200 dark:hover:bg-gray-900"
        href="/project2/users"
      >
        <svg
          aria-hidden="true"
          class="size-5"
          data-slot="icon"
          fill="none"
          stroke="currentColor"
          stroke-width="1.5"
          viewBox="0 0 24 24"
          xmlns="http://www.w3.org/2000/svg"
        >
          <path
            d="M15 19.128a9.38 9.38 0 0 0 2.625.372 9.337 9.337 0 0 0 4.121-.952 4.125 4.125 0 0 0-7.533-2.493M15 19.128v-.003c0-1.113-.285-2.16-.786-3.07M15 19.128v.106A12.318 12.318 0 0 1 8.624 21c-2.331 0-4.512-.645-6.374-1.766l-.001-.109a6.375 6.375 0 0 1 11.964-3.07M12 6.375a3.375 3.375 0 1 1-6.75 0 3.375 3.375 0 0 1 6.75 0Zm8.25 2.25a2.625 2.625 0 1 1-5.25 0 2.625 2.625 0 0 1 5.25 0Z"
            stroke-linecap="round"
            stroke-linejoin="round"
          />
        </svg>
        Users
      </a>
      <a
        class="flex flex-row items-center gap-2 p-2 text-lg hover:bg-gray-200 dark:hover:bg-gray-900"
        href="/project2/hashtag"
      >
        <svg
          aria-hidden="true"
          class="size-5"
          data-slot="icon"
          fill="none"
          stroke="currentColor"
          stroke-width="1.5"
          viewBox="0 0 24 24"
          xmlns="http://www.w3.org/2000/svg"
        >
          <path
            d="M5.25 8.25h15m-16.5 7.5h15m-1.8-13.5-3.9 19.5m-2.1-19.5-3.9 19.5"
            stroke-linecap="round"
            stroke-linejoin="round"
          />
        </svg>
        Trending
      </a>
      <div
        class="hidden lg:block"
      >
        <button
          aria-label="Switch to dark theme"
          class="mx-4 h-10 w-16 rounded-full p-1 transition-colors duration-300 focus:outline-none bg-gray-300"
        >
          <div
            class="flex h-8 w-8 transform items-center justify-center rounded-full transition-transform duration-300 translate-x-0 bg-white"
          >
            <svg
              class="lucide lucide-sun h-5 w-5 text-yellow-500"
              fill="none"
              height="24"
              stroke="currentColor"
              stroke-linecap="round"
              stroke-linejoin="round"
              stroke-width="2"
              viewBox="0 0 24 24"
              width="24"
              xmlns="http://www.w3.org/2000/svg"
            >
              <circle
                cx="12"
                cy="12"
                r="4"
              />
              <path
                d="M12 2v2"
              />
              <path
                d="M12 20v2"
              />
              <path
                d="m4.93 4.93 1.41 1.41"
              />
              <path
                d="m17.66 17.66 1.41 1.41"
              />
              <path
                d="M2 12h2"
              />
              <path
                d="M20 12h2"
              />
              <path
                d="m6.34 17.66-1.41 1.41"
              />
              <path
                d="m19.07 4.93-1.41 1.41"
              />
            </svg>
          </div>
        </button>
      </div>
      <div
        class="lg:hidden"
      >
        <button
          class="flex w-full flex-row items-center gap-2 p-2 text-left text-lg hover:bg-gray-200 dark:hover:bg-gray-900"
        >
          <svg
            class="lucide lucide-moon h-5 w-5"
            fill="none"
            height="24"
            stroke="currentColor"
            stroke-linecap="round"
            stroke-linejoin="round"
            stroke-width="2"
            viewBox="0 0 24 24"
            width="24"
            xmlns="http://www.w3.org/2000/svg"
          >
            <path
              d="M12 3a6 6 0 0 0 9 9 9 9 0 1 1-9-9Z"
            />
          </svg>
          <p>
            Dark Mode
          </p>
        </button>
      </div>
      <button
        class="flex w-full flex-row items-center gap-2 p-2 text-left text-lg hover:bg-gray-200 dark:hover:bg-gray-900"
      >
        <svg
          class="lucide lucide-log-out size-5"
          fill="none"
          height="24"
          stroke="currentColor"
          stroke-linecap="round"
          stroke-linejoin="round"
          stroke-width="2"
          viewBox="0 0 24 24"
          width="24"
          xmlns="http://www.w3.org/2000/svg"
        >
          <path
            d="M9 21H5a2 2 0 0 1-2-2V5a2 2 0 0 1 2-2h4"
          />
          <polyline
            points="16 17 21 12 16 7"
          />
          <line
            x1="21"
            x2="9"
            y1="12"
            y2="12"
          />
        </svg>
        Log out
      </button>
    </div>
  </div>
</div>
`;
